
12
6
3
10
5
8
2
1
1

13
40
20
10
5
8
2
1
1

14
73
220
110
55
166
83
250
125
376
188
94
47
142
71
214
107
322
1613
4840
2420
1210
605
1816
908
454
227
682
341
1024
512
256
128
64
32
8
2
1
1
done.
