2 4 6 8 10 12 14

4 8 12 16 20 24 28
5 10 15 20 25 30 35
