637.632000
41.340000
175.812000
88.200000
150.350000
128.760000
66.234000
87.079000
234.000000
10.528000
45.630000
159.840000
883.872000
653.004000
22.646000
25.740000
41.354000
132.430000
51.840000
820.224000
126.429000
66.216000
66.048000
14.421000
76.860000
1046.808000
196.020000
2182.112000
218.380800
1979.913600
671.328000
795.600000
153.566600
2574.425700
864.864000
82.376800
66.387200
486.604800
273.240000
400.269600
164.934000
150.101100
719.712000
3028.435200
1870.848000
868.686000
215.460000
2373.462000
