37.120000
24.530000
12.120000
29.360000
53.260000
16.050000
19.420000
8.590000
57.380000
30.540000
49.200000
12.880000
76.180000
11.010000
14.320000
39.140000
66.580000
28.580000
20.920000
32.480000
41.300000
40.120000
6.580000
42.150000
31.340000
46.690000
38.940000
96.900000
51.960000
38.580000
113.780000
50.030000
31.000000
93.870000
33.210000
95.470000
20.640000
44.820000
41.500000
51.040000
25.230000
21.690000
29.580000
27.450000
62.870000
22.100000
70.990000
59.440000
