377.200000
356.400000
498.000000
259.200000
356.400000
107.100000
541.500000
184.600000
105.000000
102.000000
254.200000
6.400000
639.200000
779.000000
352.000000
288.800000
163.400000
138.600000
169.600000
427.800000
42.000000
240.500000
227.700000
359.900000
44.000000
12.000000
5734.000000
900.000000
464.000000
216.000000
196.000000
1805.000000
1925.000000
860.000000
6786.000000
2002.000000
