22.280000
6.960000
5.800000
6.500000
46.940000
34.550000
-0.220000
31.020000
11.960000
35.820000
60.200000
3.800000
-27.190000
-31.730000
-1.000000
-50.780000
-11.120000
-18.340000
-53.050000
-4.200000
-75.560000
-29.600000
-11.900000
-3.420000
-48.020000
-18.320000
27.900000
-3.660000
24.780000
25.200000
-10.070000
10.860000
37.380000
-6.970000
4.860000
-1.470000
-9.220000
-56.740000
-13.710000
-23.800000
-65.110000
-82.940000
-16.320000
-66.800000
-25.340000
-15.880000
-32.080000
-12.830000
