1.132075
3.839286
7.028571
4.177778
18.062500
4.267742
10.168421
4.852174
0.919149
4.180392
9.639474
0.590278
12.900000
11.846154
60.140000
9.070370
5.824000
12.754286
4.350000
15.771429
7.900000
2.512500
10.647619
9.858537
0.398393
4.146341
28.320000
1.531259
2.989705
0.323232
0.498701
0.267926
0.785146
2.845100
2.140476
0.087723
55.141935
97.386667
42.295135
29.083636
16.250000
6.722727
23.062500
25.480000
11.989688
96.501176
5.284571
8.987234
