45.030000
9.500000
46.880000
35.420000
26.750000
20.640000
30.640000
25.650000
15.950000
13.110000
20.720000
66.500000
33.600000
7.420000
17.580000
48.680000
44.770000
10.820000
17.500000
19.050000
89.070000
17.360000
19.350000
13.710000
43.640000
46.720000
52.880000
48.240000
14.070000
38.080000
27.430000
25.920000
61.930000
35.300000
23.800000
37.400000
31.640000
20.430000
117.000000
43.470000
96.800000
50.580000
38.640000
65.790000
97.960000
34.580000
61.720000
62.920000
