20.000000
19.411765
5.081633
1.379661
14.457143
15.262500
6.573913
7.394366
7.800000
5.826667
1.707865
7.696552
4.140625
24.946154
2.812500
3.225000
4.470968
1.326316
9.922222
6.966667
18.811765
0.920548
5.500000
0.574419
3.402778
10.260000
14.127907
174.636000
1.692727
8.764754
53.105684
5.282609
53.013333
16.770833
10.222222
22.638333
2.753488
0.620915
0.025581
0.295133
2.868946
0.587647
0.804754
0.239631
0.461463
1.269841
2.865489
1.485371
