-32.780000
-19.780000
-0.900000
-9.820000
-7.000000
-21.820000
-9.100000
-24.260000
-42.760000
-23.840000
-7.980000
-26.700000
3.930000
3.420000
11.250000
45.200000
19.260000
34.760000
25.820000
8.620000
11.000000
66.820000
-1.340000
3.600000
-80.140000
1.680000
-74.460000
-14.120000
-40.300000
-35.410000
-49.320000
-10.650000
-9.520000
-16.120000
-6.580000
-9.930000
25.630000
4.160000
29.410000
1.550000
-41.070000
-2.860000
46.640000
-1.920000
13.530000
55.170000
-42.500000
-31.090000
