4 8
4 Yoo hoo!!!!
5 Yoo hoo!!!!
6 Yoo hoo!!!!
7 Yoo hoo!!!!
8 Yoo hoo!!!!
7 10
7 Yoo hoo!!!!
8 Yoo hoo!!!!
9 Yoo hoo!!!!
10 Yoo hoo!!!!
all done.
