[1, 3, 5, 7, 11]
[0.333333, 1.000000, 1.666667, 2.333333, 3.666667]

all done.
