[1, 3, 5, 7, 11]
[3.140000, 3.140000, 1.666667, 2.333333, 3.666667]

all done.
