4
Yoo hoo!!!!
Yoo hoo!!!!
Yoo hoo!!!!
Yoo hoo!!!!
2
Yoo hoo!!!!
Yoo hoo!!!!
all done.
